LINE 501 : 2020-11-05 12:12:51,988 [INFO    ] Parsing data files for GSEA.............................
LINE 135 : 2020-11-05 12:12:52,217 [INFO    ] 0000 gene_sets have been filtered out when max_size=500 and min_size=15
LINE 505 : 2020-11-05 12:12:52,217 [INFO    ] 0010 gene_sets used for further statistical testing.....
LINE 506 : 2020-11-05 12:12:52,217 [INFO    ] Start to run GSEA...Might take a while..................
LINE 465 : 2020-11-05 12:12:52,217 [DEBUG   ] Start to compute enrichment scores......................
LINE 489 : 2020-11-05 12:12:52,217 [DEBUG   ] Start to compute es and esnulls........................
LINE 652 : 2020-11-05 12:12:54,884 [DEBUG   ] Start to compute pvals..................................
LINE 656 : 2020-11-05 12:12:54,891 [DEBUG   ] Start to compute nes and nesnull........................
LINE 660 : 2020-11-05 12:12:54,893 [DEBUG   ] Start to compute fdrs..................................
LINE 634 : 2020-11-05 12:12:54,895 [DEBUG   ] Statistical testing finished.............................
LINE 514 : 2020-11-05 12:12:54,895 [INFO    ] Start to generate gseapy reports, and produce figures...
LINE 1346: 2020-11-05 12:12:55,045 [DEBUG   ] findfont: Matching :family=sans-serif:style=normal:variant=normal:weight=normal:stretch=normal:size=10.0 to DejaVu Sans ('/Library/Frameworks/Python.framework/Versions/3.7/lib/python3.7/site-packages/matplotlib/mpl-data/fonts/ttf/DejaVuSans.ttf') with score of 0.050000
LINE 1346: 2020-11-05 12:12:55,074 [DEBUG   ] findfont: Matching :family=sans-serif:style=normal:variant=normal:weight=normal:stretch=normal:size=14.0 to DejaVu Sans ('/Library/Frameworks/Python.framework/Versions/3.7/lib/python3.7/site-packages/matplotlib/mpl-data/fonts/ttf/DejaVuSans.ttf') with score of 0.050000
LINE 1346: 2020-11-05 12:12:55,176 [DEBUG   ] findfont: Matching :family=sans-serif:style=normal:variant=normal:weight=bold:stretch=normal:size=16.0 to DejaVu Sans ('/Library/Frameworks/Python.framework/Versions/3.7/lib/python3.7/site-packages/matplotlib/mpl-data/fonts/ttf/DejaVuSans-Bold.ttf') with score of 0.000000
LINE 526 : 2020-11-05 12:13:09,807 [INFO    ] Congratulations. GSEApy runs successfully................

LINE 501 : 2020-11-05 12:13:09,823 [INFO    ] Parsing data files for GSEA.............................
LINE 135 : 2020-11-05 12:13:10,049 [INFO    ] 0000 gene_sets have been filtered out when max_size=500 and min_size=15
LINE 505 : 2020-11-05 12:13:10,049 [INFO    ] 0010 gene_sets used for further statistical testing.....
LINE 506 : 2020-11-05 12:13:10,050 [INFO    ] Start to run GSEA...Might take a while..................
LINE 465 : 2020-11-05 12:13:10,050 [DEBUG   ] Start to compute enrichment scores......................
LINE 489 : 2020-11-05 12:13:10,050 [DEBUG   ] Start to compute es and esnulls........................
LINE 652 : 2020-11-05 12:13:12,870 [DEBUG   ] Start to compute pvals..................................
LINE 656 : 2020-11-05 12:13:12,871 [DEBUG   ] Start to compute nes and nesnull........................
LINE 660 : 2020-11-05 12:13:12,872 [DEBUG   ] Start to compute fdrs..................................
LINE 634 : 2020-11-05 12:13:12,873 [DEBUG   ] Statistical testing finished.............................
LINE 514 : 2020-11-05 12:13:12,874 [INFO    ] Start to generate gseapy reports, and produce figures...
LINE 526 : 2020-11-05 12:13:27,733 [INFO    ] Congratulations. GSEApy runs successfully................

LINE 501 : 2020-11-05 12:13:27,776 [INFO    ] Parsing data files for GSEA.............................
LINE 135 : 2020-11-05 12:13:28,056 [INFO    ] 0000 gene_sets have been filtered out when max_size=500 and min_size=15
LINE 505 : 2020-11-05 12:13:28,056 [INFO    ] 0010 gene_sets used for further statistical testing.....
LINE 506 : 2020-11-05 12:13:28,056 [INFO    ] Start to run GSEA...Might take a while..................
LINE 465 : 2020-11-05 12:13:28,056 [DEBUG   ] Start to compute enrichment scores......................
LINE 489 : 2020-11-05 12:13:28,056 [DEBUG   ] Start to compute es and esnulls........................
LINE 652 : 2020-11-05 12:13:30,240 [DEBUG   ] Start to compute pvals..................................
LINE 656 : 2020-11-05 12:13:30,240 [DEBUG   ] Start to compute nes and nesnull........................
LINE 660 : 2020-11-05 12:13:30,241 [DEBUG   ] Start to compute fdrs..................................
LINE 634 : 2020-11-05 12:13:30,242 [DEBUG   ] Statistical testing finished.............................
LINE 514 : 2020-11-05 12:13:30,242 [INFO    ] Start to generate gseapy reports, and produce figures...
LINE 526 : 2020-11-05 12:13:45,032 [INFO    ] Congratulations. GSEApy runs successfully................

LINE 501 : 2020-11-05 12:13:45,076 [INFO    ] Parsing data files for GSEA.............................
LINE 135 : 2020-11-05 12:13:45,321 [INFO    ] 0000 gene_sets have been filtered out when max_size=500 and min_size=15
LINE 505 : 2020-11-05 12:13:45,321 [INFO    ] 0010 gene_sets used for further statistical testing.....
LINE 506 : 2020-11-05 12:13:45,321 [INFO    ] Start to run GSEA...Might take a while..................
LINE 465 : 2020-11-05 12:13:45,321 [DEBUG   ] Start to compute enrichment scores......................
LINE 489 : 2020-11-05 12:13:45,321 [DEBUG   ] Start to compute es and esnulls........................
LINE 652 : 2020-11-05 12:13:47,779 [DEBUG   ] Start to compute pvals..................................
LINE 656 : 2020-11-05 12:13:47,780 [DEBUG   ] Start to compute nes and nesnull........................
LINE 660 : 2020-11-05 12:13:47,781 [DEBUG   ] Start to compute fdrs..................................
LINE 634 : 2020-11-05 12:13:47,782 [DEBUG   ] Statistical testing finished.............................
LINE 514 : 2020-11-05 12:13:47,782 [INFO    ] Start to generate gseapy reports, and produce figures...
LINE 526 : 2020-11-05 12:14:02,682 [INFO    ] Congratulations. GSEApy runs successfully................

LINE 501 : 2020-11-05 12:14:02,730 [INFO    ] Parsing data files for GSEA.............................
LINE 135 : 2020-11-05 12:14:03,050 [INFO    ] 0000 gene_sets have been filtered out when max_size=500 and min_size=15
LINE 505 : 2020-11-05 12:14:03,050 [INFO    ] 0010 gene_sets used for further statistical testing.....
LINE 506 : 2020-11-05 12:14:03,050 [INFO    ] Start to run GSEA...Might take a while..................
LINE 465 : 2020-11-05 12:14:03,050 [DEBUG   ] Start to compute enrichment scores......................
LINE 489 : 2020-11-05 12:14:03,050 [DEBUG   ] Start to compute es and esnulls........................
LINE 652 : 2020-11-05 12:14:05,527 [DEBUG   ] Start to compute pvals..................................
LINE 656 : 2020-11-05 12:14:05,527 [DEBUG   ] Start to compute nes and nesnull........................
LINE 660 : 2020-11-05 12:14:05,528 [DEBUG   ] Start to compute fdrs..................................
LINE 634 : 2020-11-05 12:14:05,530 [DEBUG   ] Statistical testing finished.............................
LINE 514 : 2020-11-05 12:14:05,530 [INFO    ] Start to generate gseapy reports, and produce figures...
LINE 526 : 2020-11-05 12:14:20,764 [INFO    ] Congratulations. GSEApy runs successfully................

LINE 501 : 2020-11-05 12:14:20,815 [INFO    ] Parsing data files for GSEA.............................
LINE 135 : 2020-11-05 12:14:21,076 [INFO    ] 0000 gene_sets have been filtered out when max_size=500 and min_size=15
LINE 505 : 2020-11-05 12:14:21,076 [INFO    ] 0010 gene_sets used for further statistical testing.....
LINE 506 : 2020-11-05 12:14:21,076 [INFO    ] Start to run GSEA...Might take a while..................
LINE 465 : 2020-11-05 12:14:21,077 [DEBUG   ] Start to compute enrichment scores......................
LINE 489 : 2020-11-05 12:14:21,077 [DEBUG   ] Start to compute es and esnulls........................
LINE 652 : 2020-11-05 12:14:23,782 [DEBUG   ] Start to compute pvals..................................
LINE 656 : 2020-11-05 12:14:23,784 [DEBUG   ] Start to compute nes and nesnull........................
LINE 660 : 2020-11-05 12:14:23,786 [DEBUG   ] Start to compute fdrs..................................
LINE 634 : 2020-11-05 12:14:23,788 [DEBUG   ] Statistical testing finished.............................
LINE 514 : 2020-11-05 12:14:23,788 [INFO    ] Start to generate gseapy reports, and produce figures...
LINE 526 : 2020-11-05 12:14:40,260 [INFO    ] Congratulations. GSEApy runs successfully................

LINE 501 : 2020-11-05 12:14:40,305 [INFO    ] Parsing data files for GSEA.............................
LINE 135 : 2020-11-05 12:14:40,563 [INFO    ] 0000 gene_sets have been filtered out when max_size=500 and min_size=15
LINE 505 : 2020-11-05 12:14:40,563 [INFO    ] 0010 gene_sets used for further statistical testing.....
LINE 506 : 2020-11-05 12:14:40,563 [INFO    ] Start to run GSEA...Might take a while..................
LINE 465 : 2020-11-05 12:14:40,563 [DEBUG   ] Start to compute enrichment scores......................
LINE 489 : 2020-11-05 12:14:40,563 [DEBUG   ] Start to compute es and esnulls........................
LINE 652 : 2020-11-05 12:14:42,838 [DEBUG   ] Start to compute pvals..................................
LINE 656 : 2020-11-05 12:14:42,841 [DEBUG   ] Start to compute nes and nesnull........................
LINE 660 : 2020-11-05 12:14:42,842 [DEBUG   ] Start to compute fdrs..................................
LINE 634 : 2020-11-05 12:14:42,843 [DEBUG   ] Statistical testing finished.............................
LINE 514 : 2020-11-05 12:14:42,843 [INFO    ] Start to generate gseapy reports, and produce figures...
LINE 526 : 2020-11-05 12:14:57,884 [INFO    ] Congratulations. GSEApy runs successfully................

LINE 501 : 2020-11-05 12:14:57,923 [INFO    ] Parsing data files for GSEA.............................
LINE 135 : 2020-11-05 12:14:58,162 [INFO    ] 0000 gene_sets have been filtered out when max_size=500 and min_size=15
LINE 505 : 2020-11-05 12:14:58,162 [INFO    ] 0010 gene_sets used for further statistical testing.....
LINE 506 : 2020-11-05 12:14:58,162 [INFO    ] Start to run GSEA...Might take a while..................
LINE 465 : 2020-11-05 12:14:58,163 [DEBUG   ] Start to compute enrichment scores......................
LINE 489 : 2020-11-05 12:14:58,163 [DEBUG   ] Start to compute es and esnulls........................
LINE 652 : 2020-11-05 12:15:00,291 [DEBUG   ] Start to compute pvals..................................
LINE 656 : 2020-11-05 12:15:00,292 [DEBUG   ] Start to compute nes and nesnull........................
LINE 660 : 2020-11-05 12:15:00,293 [DEBUG   ] Start to compute fdrs..................................
LINE 634 : 2020-11-05 12:15:00,293 [DEBUG   ] Statistical testing finished.............................
LINE 514 : 2020-11-05 12:15:00,293 [INFO    ] Start to generate gseapy reports, and produce figures...
LINE 526 : 2020-11-05 12:15:15,233 [INFO    ] Congratulations. GSEApy runs successfully................

LINE 501 : 2020-11-05 12:15:15,273 [INFO    ] Parsing data files for GSEA.............................
LINE 135 : 2020-11-05 12:15:15,490 [INFO    ] 0000 gene_sets have been filtered out when max_size=500 and min_size=15
LINE 505 : 2020-11-05 12:15:15,490 [INFO    ] 0010 gene_sets used for further statistical testing.....
LINE 506 : 2020-11-05 12:15:15,491 [INFO    ] Start to run GSEA...Might take a while..................
LINE 465 : 2020-11-05 12:15:15,491 [DEBUG   ] Start to compute enrichment scores......................
LINE 489 : 2020-11-05 12:15:15,491 [DEBUG   ] Start to compute es and esnulls........................
LINE 652 : 2020-11-05 12:15:17,837 [DEBUG   ] Start to compute pvals..................................
LINE 656 : 2020-11-05 12:15:17,838 [DEBUG   ] Start to compute nes and nesnull........................
LINE 660 : 2020-11-05 12:15:17,839 [DEBUG   ] Start to compute fdrs..................................
LINE 634 : 2020-11-05 12:15:17,840 [DEBUG   ] Statistical testing finished.............................
LINE 514 : 2020-11-05 12:15:17,840 [INFO    ] Start to generate gseapy reports, and produce figures...
LINE 526 : 2020-11-05 12:15:33,501 [INFO    ] Congratulations. GSEApy runs successfully................

LINE 501 : 2020-11-05 12:15:33,547 [INFO    ] Parsing data files for GSEA.............................
LINE 135 : 2020-11-05 12:15:33,861 [INFO    ] 0000 gene_sets have been filtered out when max_size=500 and min_size=15
LINE 505 : 2020-11-05 12:15:33,861 [INFO    ] 0010 gene_sets used for further statistical testing.....
LINE 506 : 2020-11-05 12:15:33,862 [INFO    ] Start to run GSEA...Might take a while..................
LINE 465 : 2020-11-05 12:15:33,862 [DEBUG   ] Start to compute enrichment scores......................
LINE 489 : 2020-11-05 12:15:33,862 [DEBUG   ] Start to compute es and esnulls........................
LINE 652 : 2020-11-05 12:15:36,094 [DEBUG   ] Start to compute pvals..................................
LINE 656 : 2020-11-05 12:15:36,094 [DEBUG   ] Start to compute nes and nesnull........................
LINE 660 : 2020-11-05 12:15:36,096 [DEBUG   ] Start to compute fdrs..................................
LINE 634 : 2020-11-05 12:15:36,097 [DEBUG   ] Statistical testing finished.............................
LINE 514 : 2020-11-05 12:15:36,097 [INFO    ] Start to generate gseapy reports, and produce figures...
LINE 526 : 2020-11-05 12:15:51,945 [INFO    ] Congratulations. GSEApy runs successfully................

LINE 501 : 2020-11-05 12:15:51,993 [INFO    ] Parsing data files for GSEA.............................
LINE 135 : 2020-11-05 12:15:52,227 [INFO    ] 0000 gene_sets have been filtered out when max_size=500 and min_size=15
LINE 505 : 2020-11-05 12:15:52,228 [INFO    ] 0010 gene_sets used for further statistical testing.....
LINE 506 : 2020-11-05 12:15:52,228 [INFO    ] Start to run GSEA...Might take a while..................
LINE 465 : 2020-11-05 12:15:52,228 [DEBUG   ] Start to compute enrichment scores......................
LINE 489 : 2020-11-05 12:15:52,228 [DEBUG   ] Start to compute es and esnulls........................
LINE 652 : 2020-11-05 12:15:54,541 [DEBUG   ] Start to compute pvals..................................
LINE 656 : 2020-11-05 12:15:54,544 [DEBUG   ] Start to compute nes and nesnull........................
LINE 660 : 2020-11-05 12:15:54,545 [DEBUG   ] Start to compute fdrs..................................
LINE 634 : 2020-11-05 12:15:54,547 [DEBUG   ] Statistical testing finished.............................
LINE 514 : 2020-11-05 12:15:54,547 [INFO    ] Start to generate gseapy reports, and produce figures...
LINE 526 : 2020-11-05 12:16:09,781 [INFO    ] Congratulations. GSEApy runs successfully................

LINE 501 : 2020-11-05 12:16:09,819 [INFO    ] Parsing data files for GSEA.............................
LINE 135 : 2020-11-05 12:16:10,034 [INFO    ] 0000 gene_sets have been filtered out when max_size=500 and min_size=15
LINE 505 : 2020-11-05 12:16:10,034 [INFO    ] 0010 gene_sets used for further statistical testing.....
LINE 506 : 2020-11-05 12:16:10,034 [INFO    ] Start to run GSEA...Might take a while..................
LINE 465 : 2020-11-05 12:16:10,034 [DEBUG   ] Start to compute enrichment scores......................
LINE 489 : 2020-11-05 12:16:10,034 [DEBUG   ] Start to compute es and esnulls........................
LINE 652 : 2020-11-05 12:16:12,397 [DEBUG   ] Start to compute pvals..................................
LINE 656 : 2020-11-05 12:16:12,399 [DEBUG   ] Start to compute nes and nesnull........................
LINE 660 : 2020-11-05 12:16:12,401 [DEBUG   ] Start to compute fdrs..................................
LINE 634 : 2020-11-05 12:16:12,403 [DEBUG   ] Statistical testing finished.............................
LINE 514 : 2020-11-05 12:16:12,403 [INFO    ] Start to generate gseapy reports, and produce figures...
LINE 501 : 2020-11-05 12:17:29,810 [INFO    ] Parsing data files for GSEA.............................
LINE 135 : 2020-11-05 12:17:30,069 [INFO    ] 0000 gene_sets have been filtered out when max_size=500 and min_size=15
LINE 505 : 2020-11-05 12:17:30,069 [INFO    ] 0010 gene_sets used for further statistical testing.....
LINE 506 : 2020-11-05 12:17:30,069 [INFO    ] Start to run GSEA...Might take a while..................
LINE 465 : 2020-11-05 12:17:30,069 [DEBUG   ] Start to compute enrichment scores......................
LINE 489 : 2020-11-05 12:17:30,069 [DEBUG   ] Start to compute es and esnulls........................
LINE 652 : 2020-11-05 12:17:32,705 [DEBUG   ] Start to compute pvals..................................
LINE 656 : 2020-11-05 12:17:32,706 [DEBUG   ] Start to compute nes and nesnull........................
LINE 660 : 2020-11-05 12:17:32,708 [DEBUG   ] Start to compute fdrs..................................
LINE 634 : 2020-11-05 12:17:32,710 [DEBUG   ] Statistical testing finished.............................
LINE 514 : 2020-11-05 12:17:32,710 [INFO    ] Start to generate gseapy reports, and produce figures...
LINE 526 : 2020-11-05 12:17:47,579 [INFO    ] Congratulations. GSEApy runs successfully................

LINE 501 : 2020-11-05 12:17:47,628 [INFO    ] Parsing data files for GSEA.............................
LINE 135 : 2020-11-05 12:17:47,878 [INFO    ] 0000 gene_sets have been filtered out when max_size=500 and min_size=15
LINE 505 : 2020-11-05 12:17:47,878 [INFO    ] 0010 gene_sets used for further statistical testing.....
LINE 506 : 2020-11-05 12:17:47,878 [INFO    ] Start to run GSEA...Might take a while..................
LINE 465 : 2020-11-05 12:17:47,878 [DEBUG   ] Start to compute enrichment scores......................
LINE 489 : 2020-11-05 12:17:47,878 [DEBUG   ] Start to compute es and esnulls........................
LINE 652 : 2020-11-05 12:17:50,360 [DEBUG   ] Start to compute pvals..................................
LINE 656 : 2020-11-05 12:17:50,361 [DEBUG   ] Start to compute nes and nesnull........................
LINE 660 : 2020-11-05 12:17:50,362 [DEBUG   ] Start to compute fdrs..................................
LINE 634 : 2020-11-05 12:17:50,363 [DEBUG   ] Statistical testing finished.............................
LINE 514 : 2020-11-05 12:17:50,363 [INFO    ] Start to generate gseapy reports, and produce figures...
LINE 526 : 2020-11-05 12:18:06,086 [INFO    ] Congratulations. GSEApy runs successfully................

LINE 501 : 2020-11-05 12:18:06,136 [INFO    ] Parsing data files for GSEA.............................
LINE 135 : 2020-11-05 12:18:06,519 [INFO    ] 0000 gene_sets have been filtered out when max_size=500 and min_size=15
LINE 505 : 2020-11-05 12:18:06,520 [INFO    ] 0010 gene_sets used for further statistical testing.....
LINE 506 : 2020-11-05 12:18:06,520 [INFO    ] Start to run GSEA...Might take a while..................
LINE 465 : 2020-11-05 12:18:06,520 [DEBUG   ] Start to compute enrichment scores......................
LINE 489 : 2020-11-05 12:18:06,520 [DEBUG   ] Start to compute es and esnulls........................
LINE 652 : 2020-11-05 12:18:09,072 [DEBUG   ] Start to compute pvals..................................
LINE 656 : 2020-11-05 12:18:09,073 [DEBUG   ] Start to compute nes and nesnull........................
LINE 660 : 2020-11-05 12:18:09,074 [DEBUG   ] Start to compute fdrs..................................
LINE 634 : 2020-11-05 12:18:09,075 [DEBUG   ] Statistical testing finished.............................
LINE 514 : 2020-11-05 12:18:09,075 [INFO    ] Start to generate gseapy reports, and produce figures...
LINE 526 : 2020-11-05 12:18:23,961 [INFO    ] Congratulations. GSEApy runs successfully................

LINE 501 : 2020-11-05 12:18:24,004 [INFO    ] Parsing data files for GSEA.............................
LINE 135 : 2020-11-05 12:18:24,234 [INFO    ] 0000 gene_sets have been filtered out when max_size=500 and min_size=15
LINE 505 : 2020-11-05 12:18:24,234 [INFO    ] 0010 gene_sets used for further statistical testing.....
LINE 506 : 2020-11-05 12:18:24,235 [INFO    ] Start to run GSEA...Might take a while..................
LINE 465 : 2020-11-05 12:18:24,235 [DEBUG   ] Start to compute enrichment scores......................
LINE 489 : 2020-11-05 12:18:24,235 [DEBUG   ] Start to compute es and esnulls........................
LINE 652 : 2020-11-05 12:18:26,631 [DEBUG   ] Start to compute pvals..................................
LINE 656 : 2020-11-05 12:18:26,632 [DEBUG   ] Start to compute nes and nesnull........................
LINE 660 : 2020-11-05 12:18:26,634 [DEBUG   ] Start to compute fdrs..................................
LINE 634 : 2020-11-05 12:18:26,635 [DEBUG   ] Statistical testing finished.............................
LINE 514 : 2020-11-05 12:18:26,635 [INFO    ] Start to generate gseapy reports, and produce figures...
LINE 526 : 2020-11-05 12:18:42,153 [INFO    ] Congratulations. GSEApy runs successfully................

LINE 501 : 2020-11-05 12:18:42,204 [INFO    ] Parsing data files for GSEA.............................
LINE 135 : 2020-11-05 12:18:42,766 [INFO    ] 0000 gene_sets have been filtered out when max_size=500 and min_size=15
LINE 505 : 2020-11-05 12:18:42,766 [INFO    ] 0010 gene_sets used for further statistical testing.....
LINE 506 : 2020-11-05 12:18:42,766 [INFO    ] Start to run GSEA...Might take a while..................
LINE 465 : 2020-11-05 12:18:42,766 [DEBUG   ] Start to compute enrichment scores......................
LINE 489 : 2020-11-05 12:18:42,766 [DEBUG   ] Start to compute es and esnulls........................
LINE 652 : 2020-11-05 12:18:45,309 [DEBUG   ] Start to compute pvals..................................
LINE 656 : 2020-11-05 12:18:45,309 [DEBUG   ] Start to compute nes and nesnull........................
LINE 660 : 2020-11-05 12:18:45,310 [DEBUG   ] Start to compute fdrs..................................
LINE 634 : 2020-11-05 12:18:45,311 [DEBUG   ] Statistical testing finished.............................
LINE 514 : 2020-11-05 12:18:45,312 [INFO    ] Start to generate gseapy reports, and produce figures...
LINE 526 : 2020-11-05 12:19:00,943 [INFO    ] Congratulations. GSEApy runs successfully................

LINE 501 : 2020-11-05 12:19:00,988 [INFO    ] Parsing data files for GSEA.............................
LINE 135 : 2020-11-05 12:19:01,214 [INFO    ] 0000 gene_sets have been filtered out when max_size=500 and min_size=15
LINE 505 : 2020-11-05 12:19:01,214 [INFO    ] 0010 gene_sets used for further statistical testing.....
LINE 506 : 2020-11-05 12:19:01,214 [INFO    ] Start to run GSEA...Might take a while..................
LINE 465 : 2020-11-05 12:19:01,214 [DEBUG   ] Start to compute enrichment scores......................
LINE 489 : 2020-11-05 12:19:01,214 [DEBUG   ] Start to compute es and esnulls........................
LINE 652 : 2020-11-05 12:19:03,474 [DEBUG   ] Start to compute pvals..................................
LINE 656 : 2020-11-05 12:19:03,475 [DEBUG   ] Start to compute nes and nesnull........................
LINE 660 : 2020-11-05 12:19:03,476 [DEBUG   ] Start to compute fdrs..................................
LINE 634 : 2020-11-05 12:19:03,477 [DEBUG   ] Statistical testing finished.............................
LINE 514 : 2020-11-05 12:19:03,478 [INFO    ] Start to generate gseapy reports, and produce figures...
LINE 526 : 2020-11-05 12:19:18,494 [INFO    ] Congratulations. GSEApy runs successfully................

LINE 501 : 2020-11-05 12:19:18,538 [INFO    ] Parsing data files for GSEA.............................
LINE 135 : 2020-11-05 12:19:18,768 [INFO    ] 0000 gene_sets have been filtered out when max_size=500 and min_size=15
LINE 505 : 2020-11-05 12:19:18,768 [INFO    ] 0010 gene_sets used for further statistical testing.....
LINE 506 : 2020-11-05 12:19:18,768 [INFO    ] Start to run GSEA...Might take a while..................
LINE 465 : 2020-11-05 12:19:18,768 [DEBUG   ] Start to compute enrichment scores......................
LINE 489 : 2020-11-05 12:19:18,768 [DEBUG   ] Start to compute es and esnulls........................
LINE 652 : 2020-11-05 12:19:21,211 [DEBUG   ] Start to compute pvals..................................
LINE 656 : 2020-11-05 12:19:21,211 [DEBUG   ] Start to compute nes and nesnull........................
LINE 660 : 2020-11-05 12:19:21,213 [DEBUG   ] Start to compute fdrs..................................
LINE 634 : 2020-11-05 12:19:21,214 [DEBUG   ] Statistical testing finished.............................
LINE 514 : 2020-11-05 12:19:21,214 [INFO    ] Start to generate gseapy reports, and produce figures...
LINE 526 : 2020-11-05 12:19:35,981 [INFO    ] Congratulations. GSEApy runs successfully................

LINE 501 : 2020-11-05 12:19:36,025 [INFO    ] Parsing data files for GSEA.............................
LINE 135 : 2020-11-05 12:19:36,285 [INFO    ] 0000 gene_sets have been filtered out when max_size=500 and min_size=15
LINE 505 : 2020-11-05 12:19:36,285 [INFO    ] 0010 gene_sets used for further statistical testing.....
LINE 506 : 2020-11-05 12:19:36,285 [INFO    ] Start to run GSEA...Might take a while..................
LINE 465 : 2020-11-05 12:19:36,285 [DEBUG   ] Start to compute enrichment scores......................
LINE 489 : 2020-11-05 12:19:36,285 [DEBUG   ] Start to compute es and esnulls........................
LINE 652 : 2020-11-05 12:19:38,703 [DEBUG   ] Start to compute pvals..................................
LINE 656 : 2020-11-05 12:19:38,704 [DEBUG   ] Start to compute nes and nesnull........................
LINE 660 : 2020-11-05 12:19:38,705 [DEBUG   ] Start to compute fdrs..................................
LINE 634 : 2020-11-05 12:19:38,707 [DEBUG   ] Statistical testing finished.............................
LINE 514 : 2020-11-05 12:19:38,707 [INFO    ] Start to generate gseapy reports, and produce figures...
LINE 526 : 2020-11-05 12:19:53,677 [INFO    ] Congratulations. GSEApy runs successfully................

LINE 501 : 2020-11-05 12:19:53,717 [INFO    ] Parsing data files for GSEA.............................
LINE 135 : 2020-11-05 12:19:53,940 [INFO    ] 0000 gene_sets have been filtered out when max_size=500 and min_size=15
LINE 505 : 2020-11-05 12:19:53,940 [INFO    ] 0010 gene_sets used for further statistical testing.....
LINE 506 : 2020-11-05 12:19:53,940 [INFO    ] Start to run GSEA...Might take a while..................
LINE 465 : 2020-11-05 12:19:53,940 [DEBUG   ] Start to compute enrichment scores......................
LINE 489 : 2020-11-05 12:19:53,940 [DEBUG   ] Start to compute es and esnulls........................
LINE 652 : 2020-11-05 12:19:56,336 [DEBUG   ] Start to compute pvals..................................
LINE 656 : 2020-11-05 12:19:56,337 [DEBUG   ] Start to compute nes and nesnull........................
LINE 660 : 2020-11-05 12:19:56,338 [DEBUG   ] Start to compute fdrs..................................
LINE 634 : 2020-11-05 12:19:56,339 [DEBUG   ] Statistical testing finished.............................
LINE 514 : 2020-11-05 12:19:56,340 [INFO    ] Start to generate gseapy reports, and produce figures...
LINE 526 : 2020-11-05 12:20:12,972 [INFO    ] Congratulations. GSEApy runs successfully................

LINE 501 : 2020-11-05 12:20:13,015 [INFO    ] Parsing data files for GSEA.............................
LINE 135 : 2020-11-05 12:20:13,357 [INFO    ] 0000 gene_sets have been filtered out when max_size=500 and min_size=15
LINE 505 : 2020-11-05 12:20:13,357 [INFO    ] 0010 gene_sets used for further statistical testing.....
LINE 506 : 2020-11-05 12:20:13,357 [INFO    ] Start to run GSEA...Might take a while..................
LINE 465 : 2020-11-05 12:20:13,357 [DEBUG   ] Start to compute enrichment scores......................
LINE 489 : 2020-11-05 12:20:13,357 [DEBUG   ] Start to compute es and esnulls........................
LINE 652 : 2020-11-05 12:20:15,863 [DEBUG   ] Start to compute pvals..................................
LINE 656 : 2020-11-05 12:20:15,863 [DEBUG   ] Start to compute nes and nesnull........................
LINE 660 : 2020-11-05 12:20:15,864 [DEBUG   ] Start to compute fdrs..................................
LINE 634 : 2020-11-05 12:20:15,865 [DEBUG   ] Statistical testing finished.............................
LINE 514 : 2020-11-05 12:20:15,865 [INFO    ] Start to generate gseapy reports, and produce figures...
LINE 526 : 2020-11-05 12:20:32,060 [INFO    ] Congratulations. GSEApy runs successfully................

LINE 501 : 2020-11-05 12:20:32,116 [INFO    ] Parsing data files for GSEA.............................
LINE 135 : 2020-11-05 12:20:32,346 [INFO    ] 0000 gene_sets have been filtered out when max_size=500 and min_size=15
LINE 505 : 2020-11-05 12:20:32,347 [INFO    ] 0010 gene_sets used for further statistical testing.....
LINE 506 : 2020-11-05 12:20:32,347 [INFO    ] Start to run GSEA...Might take a while..................
LINE 465 : 2020-11-05 12:20:32,347 [DEBUG   ] Start to compute enrichment scores......................
LINE 489 : 2020-11-05 12:20:32,347 [DEBUG   ] Start to compute es and esnulls........................
LINE 652 : 2020-11-05 12:20:34,822 [DEBUG   ] Start to compute pvals..................................
LINE 656 : 2020-11-05 12:20:34,823 [DEBUG   ] Start to compute nes and nesnull........................
LINE 660 : 2020-11-05 12:20:34,824 [DEBUG   ] Start to compute fdrs..................................
LINE 634 : 2020-11-05 12:20:34,825 [DEBUG   ] Statistical testing finished.............................
LINE 514 : 2020-11-05 12:20:34,825 [INFO    ] Start to generate gseapy reports, and produce figures...
LINE 526 : 2020-11-05 12:20:51,874 [INFO    ] Congratulations. GSEApy runs successfully................

LINE 501 : 2020-11-05 12:20:51,920 [INFO    ] Parsing data files for GSEA.............................
LINE 135 : 2020-11-05 12:20:52,185 [INFO    ] 0000 gene_sets have been filtered out when max_size=500 and min_size=15
LINE 505 : 2020-11-05 12:20:52,186 [INFO    ] 0010 gene_sets used for further statistical testing.....
LINE 506 : 2020-11-05 12:20:52,186 [INFO    ] Start to run GSEA...Might take a while..................
LINE 465 : 2020-11-05 12:20:52,186 [DEBUG   ] Start to compute enrichment scores......................
LINE 489 : 2020-11-05 12:20:52,186 [DEBUG   ] Start to compute es and esnulls........................
LINE 652 : 2020-11-05 12:20:54,602 [DEBUG   ] Start to compute pvals..................................
LINE 656 : 2020-11-05 12:20:54,602 [DEBUG   ] Start to compute nes and nesnull........................
LINE 660 : 2020-11-05 12:20:54,603 [DEBUG   ] Start to compute fdrs..................................
LINE 634 : 2020-11-05 12:20:54,604 [DEBUG   ] Statistical testing finished.............................
LINE 514 : 2020-11-05 12:20:54,604 [INFO    ] Start to generate gseapy reports, and produce figures...
LINE 526 : 2020-11-05 12:21:10,186 [INFO    ] Congratulations. GSEApy runs successfully................

LINE 501 : 2020-11-05 12:21:10,229 [INFO    ] Parsing data files for GSEA.............................
LINE 135 : 2020-11-05 12:21:10,518 [INFO    ] 0000 gene_sets have been filtered out when max_size=500 and min_size=15
LINE 505 : 2020-11-05 12:21:10,519 [INFO    ] 0010 gene_sets used for further statistical testing.....
LINE 506 : 2020-11-05 12:21:10,519 [INFO    ] Start to run GSEA...Might take a while..................
LINE 465 : 2020-11-05 12:21:10,519 [DEBUG   ] Start to compute enrichment scores......................
LINE 489 : 2020-11-05 12:21:10,519 [DEBUG   ] Start to compute es and esnulls........................
LINE 652 : 2020-11-05 12:21:12,924 [DEBUG   ] Start to compute pvals..................................
LINE 656 : 2020-11-05 12:21:12,925 [DEBUG   ] Start to compute nes and nesnull........................
LINE 660 : 2020-11-05 12:21:12,926 [DEBUG   ] Start to compute fdrs..................................
LINE 634 : 2020-11-05 12:21:12,928 [DEBUG   ] Statistical testing finished.............................
LINE 514 : 2020-11-05 12:21:12,928 [INFO    ] Start to generate gseapy reports, and produce figures...
LINE 526 : 2020-11-05 12:21:27,833 [INFO    ] Congratulations. GSEApy runs successfully................

LINE 501 : 2020-11-05 12:21:27,877 [INFO    ] Parsing data files for GSEA.............................
LINE 135 : 2020-11-05 12:21:28,109 [INFO    ] 0000 gene_sets have been filtered out when max_size=500 and min_size=15
LINE 505 : 2020-11-05 12:21:28,109 [INFO    ] 0010 gene_sets used for further statistical testing.....
LINE 506 : 2020-11-05 12:21:28,109 [INFO    ] Start to run GSEA...Might take a while..................
LINE 465 : 2020-11-05 12:21:28,109 [DEBUG   ] Start to compute enrichment scores......................
LINE 489 : 2020-11-05 12:21:28,109 [DEBUG   ] Start to compute es and esnulls........................
LINE 652 : 2020-11-05 12:21:30,451 [DEBUG   ] Start to compute pvals..................................
LINE 656 : 2020-11-05 12:21:30,452 [DEBUG   ] Start to compute nes and nesnull........................
LINE 660 : 2020-11-05 12:21:30,453 [DEBUG   ] Start to compute fdrs..................................
LINE 634 : 2020-11-05 12:21:30,454 [DEBUG   ] Statistical testing finished.............................
LINE 514 : 2020-11-05 12:21:30,454 [INFO    ] Start to generate gseapy reports, and produce figures...
LINE 526 : 2020-11-05 12:21:45,532 [INFO    ] Congratulations. GSEApy runs successfully................

LINE 501 : 2020-11-05 12:21:45,575 [INFO    ] Parsing data files for GSEA.............................
LINE 135 : 2020-11-05 12:21:45,892 [INFO    ] 0000 gene_sets have been filtered out when max_size=500 and min_size=15
LINE 505 : 2020-11-05 12:21:45,892 [INFO    ] 0010 gene_sets used for further statistical testing.....
LINE 506 : 2020-11-05 12:21:45,892 [INFO    ] Start to run GSEA...Might take a while..................
LINE 465 : 2020-11-05 12:21:45,892 [DEBUG   ] Start to compute enrichment scores......................
LINE 489 : 2020-11-05 12:21:45,892 [DEBUG   ] Start to compute es and esnulls........................
LINE 652 : 2020-11-05 12:21:48,175 [DEBUG   ] Start to compute pvals..................................
LINE 656 : 2020-11-05 12:21:48,175 [DEBUG   ] Start to compute nes and nesnull........................
LINE 660 : 2020-11-05 12:21:48,176 [DEBUG   ] Start to compute fdrs..................................
LINE 634 : 2020-11-05 12:21:48,177 [DEBUG   ] Statistical testing finished.............................
LINE 514 : 2020-11-05 12:21:48,177 [INFO    ] Start to generate gseapy reports, and produce figures...
LINE 526 : 2020-11-05 12:22:03,151 [INFO    ] Congratulations. GSEApy runs successfully................

LINE 501 : 2020-11-05 12:22:03,194 [INFO    ] Parsing data files for GSEA.............................
LINE 135 : 2020-11-05 12:22:03,427 [INFO    ] 0000 gene_sets have been filtered out when max_size=500 and min_size=15
LINE 505 : 2020-11-05 12:22:03,427 [INFO    ] 0010 gene_sets used for further statistical testing.....
LINE 506 : 2020-11-05 12:22:03,427 [INFO    ] Start to run GSEA...Might take a while..................
LINE 465 : 2020-11-05 12:22:03,427 [DEBUG   ] Start to compute enrichment scores......................
LINE 489 : 2020-11-05 12:22:03,427 [DEBUG   ] Start to compute es and esnulls........................
LINE 652 : 2020-11-05 12:22:05,707 [DEBUG   ] Start to compute pvals..................................
LINE 656 : 2020-11-05 12:22:05,707 [DEBUG   ] Start to compute nes and nesnull........................
LINE 660 : 2020-11-05 12:22:05,708 [DEBUG   ] Start to compute fdrs..................................
LINE 634 : 2020-11-05 12:22:05,709 [DEBUG   ] Statistical testing finished.............................
LINE 514 : 2020-11-05 12:22:05,710 [INFO    ] Start to generate gseapy reports, and produce figures...
LINE 526 : 2020-11-05 12:22:21,385 [INFO    ] Congratulations. GSEApy runs successfully................

LINE 501 : 2020-11-05 12:22:21,434 [INFO    ] Parsing data files for GSEA.............................
LINE 135 : 2020-11-05 12:22:21,682 [INFO    ] 0000 gene_sets have been filtered out when max_size=500 and min_size=15
LINE 505 : 2020-11-05 12:22:21,682 [INFO    ] 0010 gene_sets used for further statistical testing.....
LINE 506 : 2020-11-05 12:22:21,682 [INFO    ] Start to run GSEA...Might take a while..................
LINE 465 : 2020-11-05 12:22:21,682 [DEBUG   ] Start to compute enrichment scores......................
LINE 489 : 2020-11-05 12:22:21,682 [DEBUG   ] Start to compute es and esnulls........................
LINE 652 : 2020-11-05 12:22:24,116 [DEBUG   ] Start to compute pvals..................................
LINE 656 : 2020-11-05 12:22:24,116 [DEBUG   ] Start to compute nes and nesnull........................
LINE 660 : 2020-11-05 12:22:24,117 [DEBUG   ] Start to compute fdrs..................................
LINE 634 : 2020-11-05 12:22:24,118 [DEBUG   ] Statistical testing finished.............................
LINE 514 : 2020-11-05 12:22:24,118 [INFO    ] Start to generate gseapy reports, and produce figures...
LINE 526 : 2020-11-05 12:22:39,516 [INFO    ] Congratulations. GSEApy runs successfully................

LINE 501 : 2020-11-05 12:22:39,559 [INFO    ] Parsing data files for GSEA.............................
LINE 135 : 2020-11-05 12:22:39,851 [INFO    ] 0000 gene_sets have been filtered out when max_size=500 and min_size=15
LINE 505 : 2020-11-05 12:22:39,851 [INFO    ] 0010 gene_sets used for further statistical testing.....
LINE 506 : 2020-11-05 12:22:39,851 [INFO    ] Start to run GSEA...Might take a while..................
LINE 465 : 2020-11-05 12:22:39,851 [DEBUG   ] Start to compute enrichment scores......................
LINE 489 : 2020-11-05 12:22:39,851 [DEBUG   ] Start to compute es and esnulls........................
LINE 652 : 2020-11-05 12:22:42,279 [DEBUG   ] Start to compute pvals..................................
LINE 656 : 2020-11-05 12:22:42,280 [DEBUG   ] Start to compute nes and nesnull........................
LINE 660 : 2020-11-05 12:22:42,282 [DEBUG   ] Start to compute fdrs..................................
LINE 634 : 2020-11-05 12:22:42,283 [DEBUG   ] Statistical testing finished.............................
LINE 514 : 2020-11-05 12:22:42,283 [INFO    ] Start to generate gseapy reports, and produce figures...
LINE 526 : 2020-11-05 12:22:57,620 [INFO    ] Congratulations. GSEApy runs successfully................

LINE 501 : 2020-11-05 12:22:57,660 [INFO    ] Parsing data files for GSEA.............................
LINE 135 : 2020-11-05 12:22:57,900 [INFO    ] 0000 gene_sets have been filtered out when max_size=500 and min_size=15
LINE 505 : 2020-11-05 12:22:57,900 [INFO    ] 0010 gene_sets used for further statistical testing.....
LINE 506 : 2020-11-05 12:22:57,900 [INFO    ] Start to run GSEA...Might take a while..................
LINE 465 : 2020-11-05 12:22:57,900 [DEBUG   ] Start to compute enrichment scores......................
LINE 489 : 2020-11-05 12:22:57,900 [DEBUG   ] Start to compute es and esnulls........................
LINE 652 : 2020-11-05 12:23:00,226 [DEBUG   ] Start to compute pvals..................................
LINE 656 : 2020-11-05 12:23:00,227 [DEBUG   ] Start to compute nes and nesnull........................
LINE 660 : 2020-11-05 12:23:00,228 [DEBUG   ] Start to compute fdrs..................................
LINE 634 : 2020-11-05 12:23:00,229 [DEBUG   ] Statistical testing finished.............................
LINE 514 : 2020-11-05 12:23:00,229 [INFO    ] Start to generate gseapy reports, and produce figures...
LINE 526 : 2020-11-05 12:23:16,012 [INFO    ] Congratulations. GSEApy runs successfully................

LINE 501 : 2020-11-05 12:23:16,058 [INFO    ] Parsing data files for GSEA.............................
LINE 135 : 2020-11-05 12:23:16,362 [INFO    ] 0000 gene_sets have been filtered out when max_size=500 and min_size=15
LINE 505 : 2020-11-05 12:23:16,362 [INFO    ] 0010 gene_sets used for further statistical testing.....
LINE 506 : 2020-11-05 12:23:16,362 [INFO    ] Start to run GSEA...Might take a while..................
LINE 465 : 2020-11-05 12:23:16,362 [DEBUG   ] Start to compute enrichment scores......................
LINE 489 : 2020-11-05 12:23:16,362 [DEBUG   ] Start to compute es and esnulls........................
LINE 652 : 2020-11-05 12:23:18,910 [DEBUG   ] Start to compute pvals..................................
LINE 656 : 2020-11-05 12:23:18,911 [DEBUG   ] Start to compute nes and nesnull........................
LINE 660 : 2020-11-05 12:23:18,912 [DEBUG   ] Start to compute fdrs..................................
LINE 634 : 2020-11-05 12:23:18,913 [DEBUG   ] Statistical testing finished.............................
LINE 514 : 2020-11-05 12:23:18,913 [INFO    ] Start to generate gseapy reports, and produce figures...
LINE 526 : 2020-11-05 12:23:34,448 [INFO    ] Congratulations. GSEApy runs successfully................

LINE 1346: 2020-11-05 12:23:35,920 [DEBUG   ] findfont: Matching :family=sans-serif:style=normal:variant=normal:weight=normal:stretch=normal:size=12.0 to DejaVu Sans ('/Library/Frameworks/Python.framework/Versions/3.7/lib/python3.7/site-packages/matplotlib/mpl-data/fonts/ttf/DejaVuSans.ttf') with score of 0.050000
LINE 221 : 2020-11-11 09:18:17,371 [ERROR   ] Invalid alias: The name clear can't be aliased because it is another magic command.
LINE 221 : 2020-11-11 09:18:17,372 [ERROR   ] Invalid alias: The name more can't be aliased because it is another magic command.
LINE 221 : 2020-11-11 09:18:17,372 [ERROR   ] Invalid alias: The name less can't be aliased because it is another magic command.
LINE 221 : 2020-11-11 09:18:17,372 [ERROR   ] Invalid alias: The name man can't be aliased because it is another magic command.
